SDC Constraints report for ed_synth
Mon Jun  2 16:22:24 2025
Quartus Prime Version 24.3.1 Build 102 01/14/2025 SC Pro Edition


---------------------
; Table of Contents ;
---------------------
  1. Post-Elaboration Constraints
  2. Post-Synthesis Constraints



+------------------------------------------------------------------------------------------------------------------------------------------------+
; Post-Elaboration Constraints                                                                                                                   ;
+---------------+--------------------------+-----------------------------------------------------------------------------------------+-----------+
; Constraint ID ; Command                  ; Value and Target Options                                                                ; File Name ;
+---------------+--------------------------+-----------------------------------------------------------------------------------------+-----------+
; 0             ; SDC::stmt_of_source_file ; [-qip] { dni/sandboxes/X-EE216PC01_21088_0/sld/ipgen/alt_sld_fab_0/alt_sld_fab_0.qip }  ; :0        ;
+---------------+--------------------------+-----------------------------------------------------------------------------------------+-----------+


+------------------------------------------------------------------------------------------------------------------------------------------------+
; Post-Synthesis Constraints                                                                                                                     ;
+---------------+--------------------------+-----------------------------------------------------------------------------------------+-----------+
; Constraint ID ; Command                  ; Value and Target Options                                                                ; File Name ;
+---------------+--------------------------+-----------------------------------------------------------------------------------------+-----------+
; 0             ; SDC::stmt_of_source_file ; [-qip] { dni/sandboxes/X-EE216PC01_21088_0/sld/ipgen/alt_sld_fab_0/alt_sld_fab_0.qip }  ; :0        ;
+---------------+--------------------------+-----------------------------------------------------------------------------------------+-----------+


